// Jest Snapshot v1, https://goo.gl/fbAQLP

exports[`Pruebas PrimeraApp Debe de mostrar el mensaje "Hola soy Goku" 1`] = `
<Fragment>
  <h1>
    Hola, soy Goku
  </h1>
  <p>
    Soy un subtitulo
  </p>
</Fragment>
`;
